// Vitest Snapshot v1, https://vitest.dev/guide/snapshot.html

exports[`Asset tests > FRC Field 2018 has spawn locations 1`] = `
{
  "blue": {
    "1": {
      "pos": [
        6.6,
        0.12,
        2.9,
      ],
      "yaw": -1.5707963268,
    },
    "2": {
      "pos": [
        6.6,
        0.12,
        0,
      ],
      "yaw": -1.5707963268,
    },
    "3": {
      "pos": [
        6.6,
        0.12,
        -2.9,
      ],
      "yaw": -1.5707963268,
    },
  },
  "default": {
    "pos": [
      -1,
      0.22,
      0,
    ],
    "yaw": 0,
  },
  "hasConfiguredLocations": true,
  "red": {
    "1": {
      "pos": [
        -6.6,
        0.12,
        -2.9,
      ],
      "yaw": 1.5707963268,
    },
    "2": {
      "pos": [
        -6.6,
        0.12,
        0,
      ],
      "yaw": 1.5707963268,
    },
    "3": {
      "pos": [
        -6.6,
        0.12,
        2.9,
      ],
      "yaw": 1.5707963268,
    },
  },
}
`;
