// Vitest Snapshot v1, https://vitest.dev/guide/snapshot.html

exports[`MirabufLoader > Real Fetch > Loads Asset ('/api/mira/fields/FRC Field 2023 v8.mi…') 1`] = `"FRC Field 2023 v8"`;

exports[`MirabufLoader > Real Fetch > Loads Asset ('/api/mira/fields/FRC Field 2023 v8.mi…') 2`] = `"dfa06075c46a85b1a39b0d17932a645d184c72b"`;

exports[`MirabufLoader > Real Fetch > Loads Asset ('/api/mira/robots/Dozer v11.mira') 1`] = `"Dozer v11"`;

exports[`MirabufLoader > Real Fetch > Loads Asset ('/api/mira/robots/Dozer v11.mira') 2`] = `"20c72bf7b42666c89e474e7a9f68b748a183233"`;
