// Vitest Snapshot v1, https://vitest.dev/guide/snapshot.html

exports[`MirabufLoader > Real Fetch > Loads Asset ('/api/mira/fields/FRC Field 2023 v10.m…') 1`] = `"FRC Field 2023 v10"`;

exports[`MirabufLoader > Real Fetch > Loads Asset ('/api/mira/fields/FRC Field 2023 v10.m…') 2`] = `"fe16305baac7b85ca9351bf9a2ba6b47153aa3f2"`;

exports[`MirabufLoader > Real Fetch > Loads Asset ('/api/mira/robots/Dozer v12.mira') 1`] = `"Dozer v12"`;

exports[`MirabufLoader > Real Fetch > Loads Asset ('/api/mira/robots/Dozer v12.mira') 2`] = `"825e2901cc9f8d9dd9d4c742e8e6980fe8fb52db"`;
